
=== Q2b two GM tabs, settled
{
  "before": {
    "bellStock": 5,
    "tillGp": 260,
    "C1gp": 11
  },
  "P1": {
    "received": 1790264080254,
    "started": 1790264080254,
    "done": 1790264080984,
    "by": "P1",
    "item": "Bell",
    "cost": 100,
    "stockBefore": 5
  },
  "after": {
    "bellStock": 4,
    "tillGp": 261,
    "C1gp": 10
  },
  "tab1": [
    {
      "received": 1790264080254,
      "started": 1790264080254,
      "done": 1790264080984,
      "by": "P1",
      "item": "Bell",
      "cost": 100,
      "stockBefore": 5
    }
  ],
  "tab2": [
    {
      "received": 1790264080146,
      "started": 1790264080146,
      "done": 1790264081480,
      "by": "P1",
      "item": "Bell",
      "cost": 100,
      "stockBefore": 5
    }
  ],
  "C1bells": 13,
  "chat": [
    "PTkGYAVrre8LncOS: <h3 class=\"nue\">Getting Started</h3>\n      <p class=\"nue\">It looks like this is a new World. To get started, you should first add any additional players you might need via the <a class=\"nue-tab\" data-tab=\"settings\">User Management</a> configuration. From there, you can create <a class=\"nue-tab\" data-tab=\"actors\">Actors</a> for them, as well as any other important personas you need to represent. Maps and other visuals can be set up using <a class=\"nue-tab\" data-tab=\"scenes\">Scenes</a>, and handouts, notes, and other information can be stored in <a class=\"nue-tab\" data-tab=\"journal\">Journal Entries</a>.</p>\n      <p class=\"nue\">Be sure to investigate all of the tabs available in this sidebar, and for more in-depth information, you can review the <a href=\"https://foundryvtt.com/article/tutorial/\" target=\"_blank\">Gamemaster Tutorial</a> series in our <a href=\"https://foundryvtt.com/kb/\" target=\"_blank\">Knowledge Base</a>.</p>\n      <footer class=\"nue\"><i class=\"fas fa-info-circle\"></i> This chat card can be popped out by right-clicking it, or you can pop out the entire chat tab by right-clicking the speech bubble icon at the top. You can do the same thing to popout any of the other sidebar tabs as well.</footer>",
    "c7Oha3fzPAYfkRhC: <h3 class=\"nue\">Inviting Your Players</h3>\n      <p class=\"nue\">When everything is set up and you're ready to invite your players, you can send them a link to your World from the <a class=\"nue-action\" data-action=\"invite\">Invitation Links</a>.</p>\n      <p class=\"nue\">If the Invitation Links dialog indicates that your connection is closed, you may need to set up port forwarding. You can find instructions on how to do this in our <a href=\"https://foundryvtt.com/article/port-forwarding/\" target=\"_blank\">Port Forwarding Guide</a>. If you still need help, you are welcome to join our Discord and make a post in <a href=\"https://discord.com/channels/170995199584108546/689889940590690323\" target=\"_blank\">#install-and-connection</a> for invite issues, <a href=\"https://discord.com/channels/170995199584108546/486930822465716249\" target=\"_blank\">#troubleshooting</a> for general issues with the software, or <a href=\"https://discord.com/channels/170995199584108546/713259405667205193\" target=\"_blank\">#core-how-to</a> to find out how to do something in Foundry VTT.</p>\n      <footer class=\"nue\"><i class=\"fas fa-info-circle\"></i> This chat card can be popped out by right-clicking it, or you can pop out the entire chat tab by right-clicking the speech bubble icon at the top. You can do the same thing to popout any of the other sidebar tabs as well.</footer>",
    "9TdLN3hKfmUCCgiH: C1 bought 1 Bell",
    "eQqH5OK4NIvwVRid: C1 bought 1 Bell"
  ],
  "tab2ready": true
}
